### Errors list:

- ...
- ...
- ...
